
======================================================================
ERROR: LOAD DATA
FileNotFoundError: [Errno 2] No such file or directory: 'wget'
Traceback (most recent call last):
  File "/Users/anmol/Documents/utility_result/query.py", line 615, in run_pipeline
    df_family = _load_local_data(args)
                ^^^^^^^^^^^^^^^^^^^^^^
  File "/Users/anmol/Documents/utility_result/query.py", line 234, in _load_local_data
    download_rmsk(assembly, rmsk_dir)
  File "/Users/anmol/Documents/utility_result/te_prep.py", line 153, in download_rmsk
    ret = subprocess.run(tool)
          ^^^^^^^^^^^^^^^^^^^^
  File "/opt/anaconda3/lib/python3.11/subprocess.py", line 548, in run
    with Popen(*popenargs, **kwargs) as process:
         ^^^^^^^^^^^^^^^^^^^^^^^^^^^
  File "/opt/anaconda3/lib/python3.11/subprocess.py", line 1026, in __init__
    self._execute_child(args, executable, preexec_fn, close_fds,
  File "/opt/anaconda3/lib/python3.11/subprocess.py", line 1955, in _execute_child
    raise child_exception_type(errno_num, err_msg, err_filename)
FileNotFoundError: [Errno 2] No such file or directory: 'wget'
