[03:24:25] INFO  GAMECA presentation figure generator
[03:24:25] INFO    Family:   MT2_Mm
[03:24:25] INFO    Assembly: mm10
[03:24:25] INFO    Output:   /Users/anmol/Documents/utility_result/presentation
[03:24:25] INFO  rmsk already present: /Users/anmol/te_analysis/rmsk/rmsk_mm10.txt.gz
[03:24:25] INFO  Parsing rmsk for MT2_Mm / mm10…
[03:24:28] INFO    2641 loci found
[03:24:28] INFO  Fetching sequences from UCSC (12 workers)…
[03:24:31] INFO    Fetched 50 / 2641 sequences
[03:24:32] INFO    Fetched 100 / 2641 sequences
[03:24:35] INFO    Fetched 150 / 2641 sequences
[03:24:37] INFO    Fetched 200 / 2641 sequences
[03:24:40] INFO    Fetched 250 / 2641 sequences
[03:24:43] INFO    Fetched 300 / 2641 sequences
[03:24:47] INFO    Fetched 350 / 2641 sequences
[03:24:51] INFO    Fetched 400 / 2641 sequences
[03:24:54] INFO    Fetched 450 / 2641 sequences
[03:24:59] INFO    Fetched 500 / 2641 sequences
[03:25:03] INFO    Fetched 550 / 2641 sequences
[03:25:08] INFO    Fetched 600 / 2641 sequences
[03:25:13] INFO    Fetched 650 / 2641 sequences
[03:25:18] INFO    Fetched 700 / 2641 sequences
[03:25:23] INFO    Fetched 750 / 2641 sequences
[03:25:29] INFO    Fetched 800 / 2641 sequences
[03:25:35] INFO    Fetched 850 / 2641 sequences
[03:25:41] INFO    Fetched 900 / 2641 sequences
[03:25:47] INFO    Fetched 950 / 2641 sequences
[03:25:53] INFO    Fetched 1000 / 2641 sequences
[03:25:59] INFO    Fetched 1050 / 2641 sequences
[03:26:07] INFO    Fetched 1100 / 2641 sequences
[03:26:13] INFO    Fetched 1150 / 2641 sequences
[03:26:19] INFO    Fetched 1200 / 2641 sequences
[03:26:26] INFO    Fetched 1250 / 2641 sequences
[03:26:33] INFO    Fetched 1300 / 2641 sequences
[03:26:40] INFO    Fetched 1350 / 2641 sequences
[03:26:48] INFO    Fetched 1400 / 2641 sequences
[03:26:56] INFO    Fetched 1450 / 2641 sequences
[03:27:03] INFO    Fetched 1500 / 2641 sequences
[03:27:10] INFO    Fetched 1550 / 2641 sequences
[03:27:17] INFO    Fetched 1600 / 2641 sequences
[03:27:25] INFO    Fetched 1650 / 2641 sequences
[03:27:34] INFO    Fetched 1700 / 2641 sequences
[03:27:42] INFO    Fetched 1750 / 2641 sequences
[03:27:50] INFO    Fetched 1800 / 2641 sequences
[03:27:58] INFO    Fetched 1850 / 2641 sequences
[03:28:06] INFO    Fetched 1900 / 2641 sequences
[03:28:14] INFO    Fetched 1950 / 2641 sequences
[03:28:23] INFO    Fetched 2000 / 2641 sequences
[03:28:32] INFO    Fetched 2050 / 2641 sequences
[03:28:40] INFO    Fetched 2100 / 2641 sequences
[03:28:49] INFO    Fetched 2150 / 2641 sequences
[03:28:57] INFO    Fetched 2200 / 2641 sequences
[03:29:06] INFO    Fetched 2250 / 2641 sequences
[03:29:16] INFO    Fetched 2300 / 2641 sequences
[03:29:24] INFO    Fetched 2350 / 2641 sequences
[03:29:33] INFO    Fetched 2400 / 2641 sequences
[03:29:42] INFO    Fetched 2450 / 2641 sequences
[03:29:51] INFO    Fetched 2500 / 2641 sequences
[03:29:59] INFO    Fetched 2550 / 2641 sequences
[03:30:11] INFO    Fetched 2600 / 2641 sequences
[03:30:17] INFO    Fetched 2641 / 2641 sequences
[03:30:17] INFO    2640 sequences with length ≥ 18 bp retained
[03:30:17] INFO  Running k-mer + UMAP + HDBSCAN clustering…
[03:30:34] INFO    Clustering done — 2 clusters
[03:30:34] INFO  Master CSV saved → presentation/mt2_mm_clustered.csv
[03:30:34] INFO  ━━━━━━━━━━━━━━━━━━━━━━━━━━━━━━━━━━━━━━━━━━━━━━━━━━━━━━━━━━━━
[03:30:34] INFO    Slide 01 — A note on sequences
[03:30:34] INFO  ━━━━━━━━━━━━━━━━━━━━━━━━━━━━━━━━━━━━━━━━━━━━━━━━━━━━━━━━━━━━
[03:30:34] INFO    01a: chromosome ideogram
[03:30:34] INFO      saved → presentation/01_sequences/01a_chromosome_ideogram.png
[03:30:34] INFO    01b: locus length distribution
[03:30:34] INFO      saved → presentation/01_sequences/01b_length_distribution.png
[03:30:34] INFO    01c: GC content distribution
[03:30:34] INFO      saved → presentation/01_sequences/01c_gc_content.png
[03:30:34] INFO    01d: strand balance
[03:30:34] INFO      saved → presentation/01_sequences/01d_strand_balance.png
[03:30:34] INFO    Slide 01 done
[03:30:34] INFO  ━━━━━━━━━━━━━━━━━━━━━━━━━━━━━━━━━━━━━━━━━━━━━━━━━━━━━━━━━━━━
[03:30:34] INFO    Slide 02 — Processing constraints
[03:30:34] INFO  ━━━━━━━━━━━━━━━━━━━━━━━━━━━━━━━━━━━━━━━━━━━━━━━━━━━━━━━━━━━━
[03:30:34] INFO    02a: pipeline DAG
[03:30:34] INFO      saved → presentation/02_constraints/02a_pipeline_dag.png
[03:30:34] INFO    02b: scheduler comparison table
[03:30:34] INFO      saved → presentation/02_constraints/02b_scheduler_table.png
[03:30:34] INFO    02c: memory usage bar
[03:30:34] INFO      saved → presentation/02_constraints/02c_memory_usage.png
[03:30:34] INFO    02d: loci per family context
[03:30:34] INFO      saved → presentation/02_constraints/02d_loci_per_family.png
[03:30:34] INFO    Slide 02 done
[03:30:34] INFO  ━━━━━━━━━━━━━━━━━━━━━━━━━━━━━━━━━━━━━━━━━━━━━━━━━━━━━━━━━━━━
[03:30:34] INFO    Slide 03 — Expression Analysis
[03:30:34] INFO  ━━━━━━━━━━━━━━━━━━━━━━━━━━━━━━━━━━━━━━━━━━━━━━━━━━━━━━━━━━━━
[03:30:34] INFO    03a: expression boxplot all
[03:30:34] INFO      saved → presentation/03_expression/03a_boxplot_all.png
[03:30:34] INFO    03b: expression boxplot mid-80
[03:30:34] INFO      saved → presentation/03_expression/03b_boxplot_mid80.png
[03:30:34] INFO    03c: per-stage violin
[03:30:35] INFO      saved → presentation/03_expression/03c_violin.png
[03:30:35] INFO    03d: per-cluster expression heatmap
[03:30:35] INFO      saved → presentation/03_expression/03d_cluster_heatmap.png
[03:30:35] INFO    Slide 03 done
[03:30:35] INFO  ━━━━━━━━━━━━━━━━━━━━━━━━━━━━━━━━━━━━━━━━━━━━━━━━━━━━━━━━━━━━
[03:30:35] INFO    Slide 04 — Motif Analysis
[03:30:35] INFO  ━━━━━━━━━━━━━━━━━━━━━━━━━━━━━━━━━━━━━━━━━━━━━━━━━━━━━━━━━━━━
[03:30:35] INFO    Running te_motif.run_motif_analysis (downloads JASPAR if needed)…
[03:30:35] WARNING    te_motif skipped ([Errno 2] No such file or directory: 'wget') — using simulated motif data
[03:30:35] INFO    04a: top-20 motifs bar chart
[03:30:35] INFO      saved → presentation/04_motif/04a_top20_motifs.png
[03:30:35] INFO    04b: enrichment heatmap
[03:30:35] INFO      saved → presentation/04_motif/04b_enrichment_heatmap.png
[03:30:35] INFO    04c: motif density per cluster
[03:30:35] INFO      saved → presentation/04_motif/04c_motif_density_per_cluster.png
[03:30:35] INFO    04d: volcano-style dot plot
[03:30:35] INFO      saved → presentation/04_motif/04d_volcano_dotplot.png
[03:30:35] INFO    Slide 04 done
[03:30:35] INFO  ━━━━━━━━━━━━━━━━━━━━━━━━━━━━━━━━━━━━━━━━━━━━━━━━━━━━━━━━━━━━
[03:30:35] INFO    Slide 05 — Transcription Factor Binding Analysis
[03:30:35] INFO  ━━━━━━━━━━━━━━━━━━━━━━━━━━━━━━━━━━━━━━━━━━━━━━━━━━━━━━━━━━━━
[03:30:35] INFO    05a: TF binding strand bias
[03:30:35] INFO      saved → presentation/05_tfbs/05a_strand_bias.png
[03:30:35] INFO    05b: GO-term bar chart
[03:30:35] INFO      saved → presentation/05_tfbs/05b_go_terms.png
[03:30:35] INFO    05c: cluster × TF binary heatmap
[03:30:35] INFO      saved → presentation/05_tfbs/05c_cluster_tf_binary.png
[03:30:35] INFO    05d: TF co-occurrence network
[03:30:35] INFO      saved → presentation/05_tfbs/05d_tf_cooccurrence_network.png
[03:30:35] INFO    Slide 05 done
[03:30:35] INFO  ━━━━━━━━━━━━━━━━━━━━━━━━━━━━━━━━━━━━━━━━━━━━━━━━━━━━━━━━━━━━
[03:30:35] INFO    Slide 06 — Primer Design
[03:30:35] INFO  ━━━━━━━━━━━━━━━━━━━━━━━━━━━━━━━━━━━━━━━━━━━━━━━━━━━━━━━━━━━━
[03:30:35] INFO    Running design_primers (no genome — skipping specificity search)…
[03:30:56] INFO    design_primers complete  (61041 k-mers scored)
[03:30:56] INFO    06a: k-mer coverage histogram
[03:30:56] INFO      saved → presentation/06_primers/06a_kmer_coverage_histogram.png
[03:30:56] INFO    06b: per-cluster primer table
[03:30:56] INFO      saved → presentation/06_primers/06b_primer_table.png
[03:30:56] INFO    06c: genome hit distribution
[03:30:57] INFO      saved → presentation/06_primers/06c_genome_hit_distribution.png
[03:30:57] INFO    06d: primer GC vs Tm scatter
[03:30:57] INFO      saved → presentation/06_primers/06d_gc_tm_scatter.png
[03:30:57] INFO    Slide 06 done
[03:30:57] INFO  ━━━━━━━━━━━━━━━━━━━━━━━━━━━━━━━━━━━━━━━━━━━━━━━━━━━━━━━━━━━━
[03:30:57] INFO    Slide 08 — AlphaFold / Alignment
[03:30:57] INFO  ━━━━━━━━━━━━━━━━━━━━━━━━━━━━━━━━━━━━━━━━━━━━━━━━━━━━━━━━━━━━
[03:30:57] INFO    08a: per-cluster consensus length
[03:30:57] INFO      saved → presentation/08_alphafold/08a_consensus_length.png
[03:30:57] INFO    08b: GC vs length scatter
[03:30:57] INFO      saved → presentation/08_alphafold/08b_gc_vs_length.png
[03:30:57] INFO    08c: gap profile (mock alignment)
[03:30:57] INFO      saved → presentation/08_alphafold/08c_gap_profile.png
[03:30:57] INFO    08d: cluster dendrogram
[03:30:57] INFO      saved → presentation/08_alphafold/08d_cluster_dendrogram.png
[03:30:57] INFO    Slide 08 done
[03:30:57] INFO  ━━━━━━━━━━━━━━━━━━━━━━━━━━━━━━━━━━━━━━━━━━━━━━━━━━━━━━━━━━━━
[03:30:57] INFO  All figures complete in 392.3 s
[03:30:57] INFO  Output directory: /Users/anmol/Documents/utility_result/presentation
[03:30:57] INFO    To reuse data:  python presentation.py --cached-csv presentation/mt2_mm_clustered.csv
