CMD: /usr/local/bin/python3 /home/amodz/anmol/te-scraper-and-analysis/run_grna_offtarget.py --input reports8/stage11_l1mdt/l1md_t_clustered.csv --reports-dir reports8/stage11_l1mdt --family L1Md_T --cas SpCas9 --max-mm 2
EXIT: 0  (160s)
STDOUT:
[05:20:13] ============================================================
[05:20:13] GAMECA gRNA Off-Target --- L1Md_T (SpCas9)
[05:20:13] ============================================================
[05:20:14]   23639 family copies
[05:20:50]   400 candidate guides from consensus/copies
[05:20:50] Indexing family copy landscape...
[05:20:52]     Indexing family 400/23639...
[05:20:54]     Indexing family 800/23639...
[05:20:56]     Indexing family 1200/23639...
[05:20:58]     Indexing family 1600/23639...
[05:21:00]     Indexing family 2000/23639...
[05:21:02]     Indexing family 2400/23639...
[05:21:04]     Indexing family 2800/23639...
[05:21:05]     Indexing family 3200/23639...
[05:21:07]     Indexing family 3600/23639...
[05:21:10]     Indexing family 4000/23639...
[05:21:11]     Indexing family 4400/23639...
[05:21:13]     Indexing family 4800/23639...
[05:21:15]     Indexing family 5200/23639...
[05:21:17]     Indexing family 5600/23639...
[05:21:20]     Indexing family 6000/23639...
[05:21:22]     Indexing family 6400/23639...
[05:21:23]     Indexing family 6800/23639...
[05:21:25]     Indexing family 7200/23639...
[05:21:27]     Indexing family 7600/23639...
[05:21:28]     Indexing family 8000/23639...
[05:21:32]     Indexing family 8400/23639...
[05:21:33]     Indexing family 8800/23639...
[05:21:35]     Indexing family 9200/23639...
[05:21:37]     Indexing family 9600/23639...
[05:21:39]     Indexing family 10000/23639...
[05:21:41]     Indexing family 10400/23639...
[05:21:42]     Indexing family 10800/23639...
[05:21:44]     Indexing family 11200/23639...
[05:21:46]     Indexing family 11600/23639...
[05:21:49]     Indexing family 12000/23639...
[05:21:51]     Indexing family 12400/23639...
[05:21:53]     Indexing family 12800/23639...
[05:21:55]     Indexing family 13200/23639...
[05:21:56]     Indexing family 13600/23639...
[05:21:58]     Indexing family 14000/23639...
[05:22:00]     Indexing family 14400/23639...
[05:22:02]     Indexing family 14800/23639...
[05:22:03]     Indexing family 15200/23639...
[05:22:05]     Indexing family 15600/23639...
[05:22:07]     Indexing family 16000/23639...
[05:22:12]     Indexing family 16400/23639...
[05:22:14]     Indexing family 16800/23639...
[05:22:16]     Indexing family 17200/23639...
[05:22:18]     Indexing family 17600/23639...
[05:22:20]     Indexing family 18000/23639...
[05:22:21]     Indexing family 18400/23639...
[05:22:23]     Indexing family 18800/23639...
[05:22:25]     Indexing family 19200/23639...
[05:22:27]     Indexing family 19600/23639...
[05:22:28]     Indexing family 20000/23639...
[05:22:30]     Indexing family 20400/23639...
[05:22:32]     Indexing family 20800/23639...
[05:22:34]     Indexing family 21200/23639...
[05:22:36]     Indexing family 21600/23639...
[05:22:38]     Indexing family 22000/23639...
[05:22:39]     Indexing family 22400/23639...
[05:22:45]     Indexing family 22800/23639...
[05:22:46]     Indexing family 23200/23639...
[05:22:48]     Indexing family 23600/23639...
[05:22:48]   No --background given --- off-target = within-family paralog multiplicity.
[05:22:48] Scoring 400 guides (max_mm=2)...
[05:22:48]   Wrote reports8/stage11_l1mdt/grna_offtarget_guides.csv (17 on Pareto frontier)
[05:22:49]   Saved reports8/stage11_l1mdt/fig_grna_offtarget_pareto.pdf
[05:22:49]   Saved reports8/stage11_l1mdt/fig_grna_offtarget_top.pdf
[05:22:49]   Saved reports8/stage11_l1mdt/fig_grna_offtarget_mm.pdf
[05:22:49]   Written grna_offtarget_measured_values.tex and grna_offtarget_report.txt
[05:22:49] ============================================================
[05:22:49] DONE

============================================================
MEASURED VALUES (paste into chat):
============================================================
============================================================
GAMECA gRNA Off-Target / Specificity-Coverage --- Measured Values
Generated: 2026-07-14 05:22:49
============================================================
  Family:               L1Md_T
  Cas / PAM:            SpCas9
  Family copies:        23639
  Candidate guides:     400
  Pareto-frontier:      17

  ── Best coverage/specificity guide ──
  Guide:                AGGGAGGGAAGGAGGGAGGG
  Coverage:             1 / 23639 (0.0%)
  Off-target sites:     0

STDERR:

