CMD: /usr/local/bin/python3 /home/amodz/anmol/te-scraper-and-analysis/run_phylo_analysis.py --input reports8/stage11_l1mdt/l1md_t_clustered.csv --reports-dir reports8/stage11_l1mdt --family L1Md_T --subst-rate 2.2e-9 --clock-divisor 2 --intact-orf-aa 100
EXIT: 0  (6330s)
STDOUT:
[03:34:42] ============================================================
[03:34:42] GAMECA Phylogenetics / Divergence-Age --- L1Md_T
[03:34:42]   Input:   reports8/stage11_l1mdt/l1md_t_clustered.csv
[03:34:42]   Reports: reports8/stage11_l1mdt
[03:34:42] ============================================================
[03:34:44]   23,639 copies with sequence
[03:34:45]   Assembly hg38 → substitution rate 2.2e-09 subs/site/yr (clock divisor 2)
[03:34:45] Per-cluster divergence over 3 clusters (consensus from up to 400 copies each)...
[05:05:00]   cluster -1: 12720 copies, consensus 13492 bp, 12720 placed
[05:18:16]   cluster 0: 5348 copies, consensus 7124 bp, 5348 placed
[05:19:37]   cluster 1: 5571 copies, consensus 1615 bp, 5571 placed
[05:19:38] Computing clock ages...
[05:20:03]   16,914/23,639 copies with a usable divergence (6,725 unalignable/saturated → NaN)
[05:20:05]   Wrote reports8/stage11_l1mdt/phylo_per_copy.csv
[05:20:05] Building NJ tree...
[05:20:05]   Tree over 3 cluster consensuses
[05:20:10]   Saved reports8/stage11_l1mdt/fig_phylo_tree.pdf
[05:20:11]   Saved reports8/stage11_l1mdt/fig_phylo_divergence.pdf
[05:20:11]   Saved reports8/stage11_l1mdt/fig_phylo_master.pdf
[05:20:11]   Written phylo_measured_values.tex and phylo_report.txt
[05:20:11] ============================================================
[05:20:11] DONE

============================================================
MEASURED VALUES (paste into chat):
============================================================
============================================================
GAMECA Phylogenetics / Divergence-Age --- Measured Values
Generated: 2026-07-14 05:20:11
============================================================
  Family:                L1Md_T
  Assembly / rate:       hg38  (2.2e-09 subs/site/yr, clock divisor 2)
  Copies analysed:       23639
  Usable divergence:     16914  (6725 unalignable→NaN)
  Tree tips:             3
  Median divergence:     3.97 %
  Median est. age:       9.02 Myr
  Intact (ORF≥thr):      9388

  ── Top master/source element ──
  Name:                  chrX:40304675
  Divergence:            5.35 %

STDERR:

