CMD: /usr/local/bin/python3 /home/amodz/anmol/te-scraper-and-analysis/run_ortholog_insertion.py --input reports8/stage11_l1mdt/l1md_t_clustered.csv --reports-dir reports8/stage11_l1mdt --family L1Md_T
EXIT: 0  (6s)
STDOUT:
[06:00:20] ============================================================
[06:00:20] GAMECA Ortholog Insertion --- L1Md_T
[06:00:20] ============================================================
[06:00:21]   23639 loci
[06:00:21]   No chains available. Use --species panTro6 rheMac10 mm39 to auto-download, or pass --chains SPECIES=chain.
[06:00:23]   Wrote reports8/stage11_l1mdt/ortholog_per_copy.csv
[06:00:23]   Saved reports8/stage11_l1mdt/fig_ortholog_presence.pdf
[06:00:24]   Saved reports8/stage11_l1mdt/fig_ortholog_summary.pdf
[06:00:24]   Written ortholog_measured_values.tex and ortholog_report.txt
[06:00:24] ============================================================
[06:00:24] DONE

============================================================
MEASURED VALUES (paste into chat):
============================================================
============================================================
GAMECA Ortholog Insertion --- Measured Values
Generated: 2026-07-14 06:00:24
============================================================
  Family:              L1Md_T
  Copies:              23639
  Target species:      0  (none)
  Lineage-specific:    n/a (no chains)

STDERR:

