CMD: /usr/local/bin/python3 /home/amodz/anmol/te-scraper-and-analysis/run_epigenetic_overlay.py --input reports8/stage11_l1mdt/l1md_t_clustered.csv --reports-dir reports8/stage11_l1mdt --family L1Md_T
EXIT: 0  (6s)
STDOUT:
[06:00:14] ============================================================
[06:00:14] GAMECA Epigenetic Overlay --- L1Md_T
[06:00:14] ============================================================
[06:00:15]   23639 loci
[06:00:15]   No --tracks provided. Use --preset K562 (or GM12878/HeLa-S3/IMR-90/H1-hESC) to auto-download ENCODE tracks, or pass --tracks NAME=path.bed.
[06:00:18]   Wrote reports8/stage11_l1mdt/epigenetic_per_copy.csv
[06:00:18]   Saved reports8/stage11_l1mdt/fig_epigenetic_overlap.pdf
[06:00:18]   Saved reports8/stage11_l1mdt/fig_epigenetic_heatmap.pdf
[06:00:18]   Written epigenetic_measured_values.tex and epigenetic_report.txt
[06:00:18] ============================================================
[06:00:18] DONE

============================================================
MEASURED VALUES (paste into chat):
============================================================
============================================================
GAMECA Epigenetic Overlay --- Measured Values
Generated: 2026-07-14 06:00:18
============================================================
  Family:        L1Md_T
  Copies:        23639
  Tracks used:   0  (none)

STDERR:

