CMD: /usr/local/bin/python3 /home/amodz/anmol/te-scraper-and-analysis/run_ltr_struct.py --input reports8/stage11_l1mdt/l1md_t_clustered.csv --reports-dir reports8/stage11_l1mdt --family L1Md_T
EXIT: 0  (170s)
STDOUT:

=== LTR STRUCTURAL ANNOTATION (L1Md_T) ===
  23,639 loci
  Annotating (min_ltr_identity=0.65)...
    500/23639
    1000/23639
    1500/23639
    2000/23639
    2500/23639
    3000/23639
    3500/23639
    4000/23639
    4500/23639
    5000/23639
    5500/23639
    6000/23639
    6500/23639
    7000/23639
    7500/23639
    8000/23639
    8500/23639
    9000/23639
    9500/23639
    10000/23639
    10500/23639
    11000/23639
    11500/23639
    12000/23639
    12500/23639
    13000/23639
    13500/23639
    14000/23639
    14500/23639
    15000/23639
    15500/23639
    16000/23639
    16500/23639
    17000/23639
    17500/23639
    18000/23639
    18500/23639
    19000/23639
    19500/23639
    20000/23639
    20500/23639
    21000/23639
    21500/23639
    22000/23639
    22500/23639
    23000/23639
    23500/23639
  Annotated CSV → reports8/stage11_l1mdt/ltr_struct_annotated.csv
  Bar chart → reports8/stage11_l1mdt/fig_ltr_struct.png
  full-length: 0  solo-LTR: 0  PBS: 0  PPT: 22,809
  Summary CSV → reports8/stage11_l1mdt/ltr_struct_summary.csv
  LaTeX values → reports8/stage11_l1mdt/ltr_struct_values.tex

STDERR:

